<html>
<body>
<pre>
<h1>µVision Build Log</h1>
<h2>Tool Versions:</h2>
IDE-Version: ¦ÌVision V5.24.2.0
Copyright (C) 2017 ARM Ltd and ARM Germany GmbH. All rights reserved.
License Information: 1 mushou713gangdou@126.com, 1, LIC=WHYH9-4ZHNX-QDGKD-82TB0-ASN4B-K2YER
 
Tool Versions:
Toolchain:       MDK-ARM Plus  Version: 5.24.1
Toolchain Path:  D:\KEIL5\ARM\ARMCC\Bin
C Compiler:      Armcc.exe V5.06 update 5 (build 528)
Assembler:       Armasm.exe V5.06 update 5 (build 528)
Linker/Locator:  ArmLink.exe V5.06 update 5 (build 528)
Library Manager: ArmAr.exe V5.06 update 5 (build 528)
Hex Converter:   FromElf.exe V5.06 update 5 (build 528)
CPU DLL:         SARMCM3.DLL V5.24.1
Dialog DLL:      DCM.DLL V1.16.0.0
Target DLL:      STLink\ST-LINKIII-KEIL_SWO.dll V3.0.1.0
Dialog DLL:      TCM.DLL V1.32.0.0
 
<h2>Project:</h2>
C:\Users\musho\Desktop\Ð¡³µ\stm__32__32\stm32 _sum\Project.uvprojx
Project File Date:  11/14/2025

<h2>Output:</h2>
*** Using Compiler 'V5.06 update 5 (build 528)', folder: 'D:\KEIL5\ARM\ARMCC\Bin'
Build target 'Target 1'
compiling main.c...
.\system\Motor1.h(6): warning:  #1295-D: Deprecated declaration PWM_SetCompare3 - give arg types
  void PWM_SetCompare3();
.\system\Motor1.h(7): warning:  #1295-D: Deprecated declaration PWM_SetCompare4 - give arg types
  void PWM_SetCompare4();
.\system\Drive.h(3): warning:  #1295-D: Deprecated declaration Drive_Init - give arg types
  void Drive_Init();
.\system\Drive.h(4): warning:  #1295-D: Deprecated declaration Left_run - give arg types
  void Left_run();
.\system\Drive.h(5): warning:  #1295-D: Deprecated declaration Right_run - give arg types
  void Right_run();
.\system\Drive.h(6): warning:  #1295-D: Deprecated declaration Left_back - give arg types
  void Left_back();
.\system\Drive.h(7): warning:  #1295-D: Deprecated declaration Right_back - give arg types
  void Right_back();
.\system\Drive.h(8): warning:  #1295-D: Deprecated declaration Left_step - give arg types
  void Left_step();
.\system\Drive.h(9): warning:  #1295-D: Deprecated declaration Right_step - give arg types
  void Right_step();
.\system\Drive.h(13): warning:  #1-D: last line of file ends without a newline
  #endif
.\system\Control.h(3): warning:  #1295-D: Deprecated declaration Run - give arg types
  void Run();
.\system\Control.h(4): warning:  #1295-D: Deprecated declaration Back - give arg types
  void Back();
.\system\Control.h(5): warning:  #1295-D: Deprecated declaration Turn_left - give arg types
  void Turn_left();
.\system\Control.h(6): warning:  #1295-D: Deprecated declaration Turn_right - give arg types
  void Turn_right();
.\system\Control.h(7): warning:  #1295-D: Deprecated declaration Step - give arg types
  void Step();
user\main.c: 15 warnings, 0 errors
linking...
Program Size: Code=1800 RO-data=252 RW-data=0 ZI-data=1632  
".\Project.axf" - 0 Error(s), 15 Warning(s).

<h2>Software Packages used:</h2>

Package Vendor: Keil
                http://www.keil.com/pack/Keil.STM32F1xx_DFP.2.2.0.pack
                Keil.STM32F1xx_DFP.2.2.0
                STMicroelectronics STM32F1 Series Device Support, Drivers and Examples

<h2>Collection of Component include folders:</h2>
  .\RTE\_Target_1
  D:\KEIL5\Keil\STM32F1xx_DFP\2.2.0\Device\Include

<h2>Collection of Component Files used:</h2>
Build Time Elapsed:  00:00:04
</pre>
</body>
</html>
